// Jest Snapshot v1, https://goo.gl/fbAQLP

exports[`MobileDatePicker Renders Correctly 1`] = `
<form
  action="#"
  onReset={[Function]}
  onSubmit={[Function]}
>
  <div
    className="MuiFormControl-root MuiTextField-root css-1u3bzj6-MuiFormControl-root-MuiTextField-root"
  >
    <label
      className="MuiInputLabel-root MuiInputLabel-formControl MuiInputLabel-animated MuiInputLabel-outlined MuiFormLabel-root MuiFormLabel-colorPrimary css-14s5rfu-MuiFormLabel-root-MuiInputLabel-root"
      data-shrink={false}
      htmlFor="mui-1"
      id="mui-1-label"
    >
      Date
    </label>
    <div
      className="MuiOutlinedInput-root MuiInputBase-root MuiInputBase-colorPrimary MuiInputBase-formControl css-9ddj71-MuiInputBase-root-MuiOutlinedInput-root"
      onClick={[Function]}
    >
      <input
        aria-describedby="mui-1-helper-text"
        aria-invalid={false}
        aria-label="Choose date, selected date is Jan 1, 2020"
        aria-readonly={true}
        autoFocus={false}
        className="MuiOutlinedInput-input MuiInputBase-input css-1t8l2tu-MuiInputBase-input-MuiOutlinedInput-input"
        disabled={false}
        id="mui-1"
        onAnimationStart={[Function]}
        onBlur={[Function]}
        onChange={[Function]}
        onClick={[Function]}
        onFocus={[Function]}
        onKeyDown={[Function]}
        readOnly={true}
        required={false}
        type="text"
        value="01/01/2020"
      />
      <fieldset
        aria-hidden={true}
        className="MuiOutlinedInput-notchedOutline css-1d3z3hw-MuiOutlinedInput-notchedOutline"
      >
        <legend
          className="css-1ftyaf0"
        >
          <span>
            Date
          </span>
        </legend>
      </fieldset>
    </div>
    <p
      className="MuiFormHelperText-root MuiFormHelperText-sizeMedium MuiFormHelperText-contained css-1wc848c-MuiFormHelperText-root"
      id="mui-1-helper-text"
    >
      Helper text
    </p>
  </div>
</form>
`;
