// Jest Snapshot v1, https://goo.gl/fbAQLP

exports[`StaticTimePicker Renders Correctly 1`] = `
<form
  action="#"
  onReset={[Function]}
  onSubmit={[Function]}
>
  <div
    className="MuiPickerStaticWrapper-root css-1snvurg-MuiPickerStaticWrapper-root"
  >
    <div
      className="css-j7qwjs"
    >
      <div
        className="PrivatePickersToolbar-root css-o9ifx3"
      >
        <span
          className="MuiTypography-root MuiTypography-overline css-1hbyad5-MuiTypography-root"
        >
          Select time
        </span>
        <div
          className="MuiGrid-root MuiGrid-container PrivatePickersToolbar-dateTitleContainer css-171rwdv-MuiGrid-root"
        >
          <div
            className="PrivateTimePickerToolbar-hourMinuteLabel css-1l4fxj8"
          >
            <button
              className="MuiButton-root MuiButton-text MuiButton-textPrimary MuiButton-sizeMedium MuiButton-textSizeMedium MuiButtonBase-root css-1x2wh54-MuiButtonBase-root-MuiButton-root"
              disabled={false}
              onBlur={[Function]}
              onClick={[Function]}
              onContextMenu={[Function]}
              onDragLeave={[Function]}
              onFocus={[Function]}
              onKeyDown={[Function]}
              onKeyUp={[Function]}
              onMouseDown={[Function]}
              onMouseLeave={[Function]}
              onMouseUp={[Function]}
              onTouchEnd={[Function]}
              onTouchMove={[Function]}
              onTouchStart={[Function]}
              tabIndex={-1}
              type="button"
            >
              <span
                className="MuiTypography-root MuiTypography-h3 Mui-selected css-1nql4ji-MuiTypography-root"
              >
                12
              </span>
            </button>
            <span
              className="MuiTypography-root MuiTypography-h3 PrivateTimePickerToolbar-separator css-1ljd80x-MuiTypography-root"
              tabIndex={-1}
            >
              :
            </span>
            <button
              className="MuiButton-root MuiButton-text MuiButton-textPrimary MuiButton-sizeMedium MuiButton-textSizeMedium MuiButtonBase-root css-1x2wh54-MuiButtonBase-root-MuiButton-root"
              disabled={false}
              onBlur={[Function]}
              onClick={[Function]}
              onContextMenu={[Function]}
              onDragLeave={[Function]}
              onFocus={[Function]}
              onKeyDown={[Function]}
              onKeyUp={[Function]}
              onMouseDown={[Function]}
              onMouseLeave={[Function]}
              onMouseUp={[Function]}
              onTouchEnd={[Function]}
              onTouchMove={[Function]}
              onTouchStart={[Function]}
              tabIndex={-1}
              type="button"
            >
              <span
                className="MuiTypography-root MuiTypography-h3  css-1nql4ji-MuiTypography-root"
              >
                00
              </span>
            </button>
          </div>
          <div
            className="PrivateTimePickerToolbar-ampmSelection css-1lz4u30"
          >
            <button
              className="MuiButton-root MuiButton-text MuiButton-textPrimary MuiButton-sizeMedium MuiButton-textSizeMedium MuiButtonBase-root css-1x2wh54-MuiButtonBase-root-MuiButton-root"
              disabled={false}
              onBlur={[Function]}
              onClick={[Function]}
              onContextMenu={[Function]}
              onDragLeave={[Function]}
              onFocus={[Function]}
              onKeyDown={[Function]}
              onKeyUp={[Function]}
              onMouseDown={[Function]}
              onMouseLeave={[Function]}
              onMouseUp={[Function]}
              onTouchEnd={[Function]}
              onTouchMove={[Function]}
              onTouchStart={[Function]}
              tabIndex={0}
              type="button"
            >
              <span
                className="MuiTypography-root MuiTypography-subtitle2 PrivateTimePickerToolbar-ampmLabel Mui-selected css-frc9jk-MuiTypography-root"
              >
                AM
              </span>
            </button>
            <button
              className="MuiButton-root MuiButton-text MuiButton-textPrimary MuiButton-sizeMedium MuiButton-textSizeMedium MuiButtonBase-root css-1x2wh54-MuiButtonBase-root-MuiButton-root"
              disabled={false}
              onBlur={[Function]}
              onClick={[Function]}
              onContextMenu={[Function]}
              onDragLeave={[Function]}
              onFocus={[Function]}
              onKeyDown={[Function]}
              onKeyUp={[Function]}
              onMouseDown={[Function]}
              onMouseLeave={[Function]}
              onMouseUp={[Function]}
              onTouchEnd={[Function]}
              onTouchMove={[Function]}
              onTouchStart={[Function]}
              tabIndex={0}
              type="button"
            >
              <span
                className="MuiTypography-root MuiTypography-subtitle2 PrivateTimePickerToolbar-ampmLabel css-frc9jk-MuiTypography-root"
              >
                PM
              </span>
            </button>
          </div>
          <button
            aria-label="clock view is open, go to text input view"
            className="MuiButtonBase-root MuiIconButton-root MuiIconButton-colorInherit MuiIconButton-sizeMedium css-zylse7-MuiButtonBase-root-MuiIconButton-root"
            disabled={false}
            onBlur={[Function]}
            onClick={[Function]}
            onContextMenu={[Function]}
            onDragLeave={[Function]}
            onFocus={[Function]}
            onKeyDown={[Function]}
            onKeyUp={[Function]}
            onMouseDown={[Function]}
            onMouseLeave={[Function]}
            onMouseUp={[Function]}
            onTouchEnd={[Function]}
            onTouchMove={[Function]}
            onTouchStart={[Function]}
            tabIndex={0}
            type="button"
          >
            <svg
              aria-hidden={true}
              className="MuiSvgIcon-root MuiSvgIcon-fontSizeMedium css-i4bv87-MuiSvgIcon-root"
              data-testid="PenIcon"
              focusable="false"
              viewBox="0 0 24 24"
            >
              <path
                d="M3 17.25V21h3.75L17.81 9.94l-3.75-3.75L3 17.25zM20.71 7.04c.39-.39.39-1.02 0-1.41l-2.34-2.34a.9959.9959 0 00-1.41 0l-1.83 1.83 3.75 3.75 1.83-1.83z"
              />
            </svg>
          </button>
        </div>
      </div>
      <div
        className="css-epd502"
      >
        <div
          className="MuiClockPicker-root css-1jm66jt-MuiClockPicker-root"
        >
          <div
            className="css-fhpqww"
          >
            <div
              className="css-eziifo"
            >
              <div
                className="css-1umqo6f"
                onMouseMove={[Function]}
                onMouseUp={[Function]}
                onTouchEnd={[Function]}
                onTouchMove={[Function]}
              />
              <div
                className="css-12ha4i7"
              />
              <div
                className="css-a1rc6s"
                style={
                  Object {
                    "height": 88,
                    "transform": "rotateZ(0deg)",
                  }
                }
              >
                <div
                  className="css-118whkv"
                />
              </div>
              <div
                aria-label="Select hours. Selected time is 12:00 AM"
                onKeyDown={[Function]}
                role="listbox"
                tabIndex={0}
              >
                <span
                  aria-label="1 hours"
                  className=" css-1flhz3h"
                  role="option"
                  style={
                    Object {
                      "transform": "translate(45px, 13px",
                    }
                  }
                >
                  1
                </span>
                <span
                  aria-label="2 hours"
                  className=" css-1flhz3h"
                  role="option"
                  style={
                    Object {
                      "transform": "translate(79px, 47px",
                    }
                  }
                >
                  2
                </span>
                <span
                  aria-label="3 hours"
                  className=" css-1flhz3h"
                  role="option"
                  style={
                    Object {
                      "transform": "translate(91px, 92px",
                    }
                  }
                >
                  3
                </span>
                <span
                  aria-label="4 hours"
                  className=" css-1flhz3h"
                  role="option"
                  style={
                    Object {
                      "transform": "translate(79px, 137px",
                    }
                  }
                >
                  4
                </span>
                <span
                  aria-label="5 hours"
                  className=" css-1flhz3h"
                  role="option"
                  style={
                    Object {
                      "transform": "translate(45px, 171px",
                    }
                  }
                >
                  5
                </span>
                <span
                  aria-label="6 hours"
                  className=" css-1flhz3h"
                  role="option"
                  style={
                    Object {
                      "transform": "translate(0px, 183px",
                    }
                  }
                >
                  6
                </span>
                <span
                  aria-label="7 hours"
                  className=" css-1flhz3h"
                  role="option"
                  style={
                    Object {
                      "transform": "translate(-46px, 171px",
                    }
                  }
                >
                  7
                </span>
                <span
                  aria-label="8 hours"
                  className=" css-1flhz3h"
                  role="option"
                  style={
                    Object {
                      "transform": "translate(-79px, 138px",
                    }
                  }
                >
                  8
                </span>
                <span
                  aria-label="9 hours"
                  className=" css-1flhz3h"
                  role="option"
                  style={
                    Object {
                      "transform": "translate(-91px, 92px",
                    }
                  }
                >
                  9
                </span>
                <span
                  aria-label="10 hours"
                  className=" css-1flhz3h"
                  role="option"
                  style={
                    Object {
                      "transform": "translate(-79px, 46px",
                    }
                  }
                >
                  10
                </span>
                <span
                  aria-label="11 hours"
                  className=" css-1flhz3h"
                  role="option"
                  style={
                    Object {
                      "transform": "translate(-46px, 13px",
                    }
                  }
                >
                  11
                </span>
                <span
                  aria-label="12 hours"
                  aria-selected={true}
                  className="Mui-selected css-1flhz3h"
                  role="option"
                  style={
                    Object {
                      "transform": "translate(0px, 1px",
                    }
                  }
                >
                  12
                </span>
              </div>
            </div>
          </div>
        </div>
      </div>
    </div>
  </div>
</form>
`;
